// Jest Snapshot v1, https://goo.gl/fbAQLP

exports[`traverseWithEsbuild 1`] = `
Array [
  "index.html",
  "main.js",
  "../../node_modules/slash/index.js",
  "node_modules/react/index.js",
  "node_modules/preact/hooks/dist/hooks.module.js",
  "../../node_modules/react-dom/index.js",
]
`;
